test_every_target_is_counted_once_including_last_short_window (test_contract.ContractTests.test_every_target_is_counted_once_including_last_short_window) ... ok
test_future_inputs_cannot_change_earlier_predictions (test_contract.ContractTests.test_future_inputs_cannot_change_earlier_predictions) ... ok
test_probabilities_are_normalized_and_examples_independent (test_contract.ContractTests.test_probabilities_are_normalized_and_examples_independent) ... ok
test_shifted_loss_produces_gradients (test_contract.ContractTests.test_shifted_loss_produces_gradients) ... ok
test_state_resets_between_windows (test_contract.ContractTests.test_state_resets_between_windows) ... ok
test_every_target_is_counted_once_including_last_short_window (test_ema.EMAContractTests.test_every_target_is_counted_once_including_last_short_window) ... FAIL
test_future_inputs_cannot_change_earlier_predictions (test_ema.EMAContractTests.test_future_inputs_cannot_change_earlier_predictions) ... FAIL
test_probabilities_are_normalized_and_examples_independent (test_ema.EMAContractTests.test_probabilities_are_normalized_and_examples_independent) ... FAIL
test_shifted_loss_produces_gradients (test_ema.EMAContractTests.test_shifted_loss_produces_gradients) ... FAIL
test_state_resets_between_windows (test_ema.EMAContractTests.test_state_resets_between_windows) ... FAIL
test_cli_bounds_and_disabled_defaults (test_ema.EMATests.test_cli_bounds_and_disabled_defaults) ... FAIL
test_ema_arithmetic (test_ema.EMATests.test_ema_arithmetic) ... FAIL
test_ema_checkpoint_round_trip_and_tied_weights (test_ema.EMATests.test_ema_checkpoint_round_trip_and_tied_weights) ... FAIL
test_ema_copies_integer_buffers_and_averages_float_buffers (test_ema.EMATests.test_ema_copies_integer_buffers_and_averages_float_buffers) ... FAIL
test_ema_does_not_mutate_training_model (test_ema.EMATests.test_ema_does_not_mutate_training_model) ... FAIL
test_ema_initialization_uses_designated_updated_weights (test_ema.EMATests.test_ema_initialization_uses_designated_updated_weights) ... FAIL
test_ema_tracking_preserves_raw_training_trajectory (test_ema.EMATests.test_ema_tracking_preserves_raw_training_trajectory) ... FAIL
test_invalid_decay_is_rejected (test_ema.EMATests.test_invalid_decay_is_rejected) ... FAIL

======================================================================
FAIL: test_every_target_is_counted_once_including_last_short_window (test_ema.EMAContractTests.test_every_target_is_counted_once_including_last_short_window)
----------------------------------------------------------------------
Traceback (most recent call last):
  File "/Users/bobgatsby/Library/CloudStorage/OneDrive-个人/hku/courses/aml/project/1/MP1_student_starter/code/tests/test_ema.py", line 169, in setUp
    self.assertIsNotNone(importlib.util.find_spec('ema'), 'EMA has not been implemented')
AssertionError: unexpectedly None : EMA has not been implemented

======================================================================
FAIL: test_future_inputs_cannot_change_earlier_predictions (test_ema.EMAContractTests.test_future_inputs_cannot_change_earlier_predictions)
----------------------------------------------------------------------
Traceback (most recent call last):
  File "/Users/bobgatsby/Library/CloudStorage/OneDrive-个人/hku/courses/aml/project/1/MP1_student_starter/code/tests/test_ema.py", line 169, in setUp
    self.assertIsNotNone(importlib.util.find_spec('ema'), 'EMA has not been implemented')
AssertionError: unexpectedly None : EMA has not been implemented

======================================================================
FAIL: test_probabilities_are_normalized_and_examples_independent (test_ema.EMAContractTests.test_probabilities_are_normalized_and_examples_independent)
----------------------------------------------------------------------
Traceback (most recent call last):
  File "/Users/bobgatsby/Library/CloudStorage/OneDrive-个人/hku/courses/aml/project/1/MP1_student_starter/code/tests/test_ema.py", line 169, in setUp
    self.assertIsNotNone(importlib.util.find_spec('ema'), 'EMA has not been implemented')
AssertionError: unexpectedly None : EMA has not been implemented

======================================================================
FAIL: test_shifted_loss_produces_gradients (test_ema.EMAContractTests.test_shifted_loss_produces_gradients)
----------------------------------------------------------------------
Traceback (most recent call last):
  File "/Users/bobgatsby/Library/CloudStorage/OneDrive-个人/hku/courses/aml/project/1/MP1_student_starter/code/tests/test_ema.py", line 169, in setUp
    self.assertIsNotNone(importlib.util.find_spec('ema'), 'EMA has not been implemented')
AssertionError: unexpectedly None : EMA has not been implemented

======================================================================
FAIL: test_state_resets_between_windows (test_ema.EMAContractTests.test_state_resets_between_windows)
----------------------------------------------------------------------
Traceback (most recent call last):
  File "/Users/bobgatsby/Library/CloudStorage/OneDrive-个人/hku/courses/aml/project/1/MP1_student_starter/code/tests/test_ema.py", line 169, in setUp
    self.assertIsNotNone(importlib.util.find_spec('ema'), 'EMA has not been implemented')
AssertionError: unexpectedly None : EMA has not been implemented

======================================================================
FAIL: test_cli_bounds_and_disabled_defaults (test_ema.EMATests.test_cli_bounds_and_disabled_defaults)
----------------------------------------------------------------------
Traceback (most recent call last):
  File "/Users/bobgatsby/Library/CloudStorage/OneDrive-个人/hku/courses/aml/project/1/MP1_student_starter/code/tests/test_ema.py", line 23, in setUp
    self.assertIsNotNone(importlib.util.find_spec('ema'), 'EMA has not been implemented')
AssertionError: unexpectedly None : EMA has not been implemented

======================================================================
FAIL: test_ema_arithmetic (test_ema.EMATests.test_ema_arithmetic)
----------------------------------------------------------------------
Traceback (most recent call last):
  File "/Users/bobgatsby/Library/CloudStorage/OneDrive-个人/hku/courses/aml/project/1/MP1_student_starter/code/tests/test_ema.py", line 23, in setUp
    self.assertIsNotNone(importlib.util.find_spec('ema'), 'EMA has not been implemented')
AssertionError: unexpectedly None : EMA has not been implemented

======================================================================
FAIL: test_ema_checkpoint_round_trip_and_tied_weights (test_ema.EMATests.test_ema_checkpoint_round_trip_and_tied_weights)
----------------------------------------------------------------------
Traceback (most recent call last):
  File "/Users/bobgatsby/Library/CloudStorage/OneDrive-个人/hku/courses/aml/project/1/MP1_student_starter/code/tests/test_ema.py", line 23, in setUp
    self.assertIsNotNone(importlib.util.find_spec('ema'), 'EMA has not been implemented')
AssertionError: unexpectedly None : EMA has not been implemented

======================================================================
FAIL: test_ema_copies_integer_buffers_and_averages_float_buffers (test_ema.EMATests.test_ema_copies_integer_buffers_and_averages_float_buffers)
----------------------------------------------------------------------
Traceback (most recent call last):
  File "/Users/bobgatsby/Library/CloudStorage/OneDrive-个人/hku/courses/aml/project/1/MP1_student_starter/code/tests/test_ema.py", line 23, in setUp
    self.assertIsNotNone(importlib.util.find_spec('ema'), 'EMA has not been implemented')
AssertionError: unexpectedly None : EMA has not been implemented

======================================================================
FAIL: test_ema_does_not_mutate_training_model (test_ema.EMATests.test_ema_does_not_mutate_training_model)
----------------------------------------------------------------------
Traceback (most recent call last):
  File "/Users/bobgatsby/Library/CloudStorage/OneDrive-个人/hku/courses/aml/project/1/MP1_student_starter/code/tests/test_ema.py", line 23, in setUp
    self.assertIsNotNone(importlib.util.find_spec('ema'), 'EMA has not been implemented')
AssertionError: unexpectedly None : EMA has not been implemented

======================================================================
FAIL: test_ema_initialization_uses_designated_updated_weights (test_ema.EMATests.test_ema_initialization_uses_designated_updated_weights)
----------------------------------------------------------------------
Traceback (most recent call last):
  File "/Users/bobgatsby/Library/CloudStorage/OneDrive-个人/hku/courses/aml/project/1/MP1_student_starter/code/tests/test_ema.py", line 23, in setUp
    self.assertIsNotNone(importlib.util.find_spec('ema'), 'EMA has not been implemented')
AssertionError: unexpectedly None : EMA has not been implemented

======================================================================
FAIL: test_ema_tracking_preserves_raw_training_trajectory (test_ema.EMATests.test_ema_tracking_preserves_raw_training_trajectory)
----------------------------------------------------------------------
Traceback (most recent call last):
  File "/Users/bobgatsby/Library/CloudStorage/OneDrive-个人/hku/courses/aml/project/1/MP1_student_starter/code/tests/test_ema.py", line 23, in setUp
    self.assertIsNotNone(importlib.util.find_spec('ema'), 'EMA has not been implemented')
AssertionError: unexpectedly None : EMA has not been implemented

======================================================================
FAIL: test_invalid_decay_is_rejected (test_ema.EMATests.test_invalid_decay_is_rejected)
----------------------------------------------------------------------
Traceback (most recent call last):
  File "/Users/bobgatsby/Library/CloudStorage/OneDrive-个人/hku/courses/aml/project/1/MP1_student_starter/code/tests/test_ema.py", line 23, in setUp
    self.assertIsNotNone(importlib.util.find_spec('ema'), 'EMA has not been implemented')
AssertionError: unexpectedly None : EMA has not been implemented

----------------------------------------------------------------------
Ran 18 tests in 0.140s

FAILED (failures=13)
